ISim log file
Running: /home/co-eda/Verilog/Pre/p6/mips_txt_isim_beh.exe -intstyle ise -gui -tclbatch isim.cmd -wdb /home/co-eda/Verilog/Pre/p6/mips_txt_isim_beh.wdb 
ISim P.20131013 (signature 0xfbc00daa)
----------------------------------------------------------------------
WARNING:Security:42 - Your software subscription period has lapsed. Your current version of Xilinx tools will continue to function, but you no longer qualify for Xilinx software updates or new releases.


----------------------------------------------------------------------
This is a Full version of ISim.
Time resolution is 1 ps
# onerror resume
# wave add /
# run 1000 ns
Simulator is doing circuit initialization process.
Finished circuit initialization process.
                  38@00003000: $ 1 <= 000033fa
                  38@00003004: *00000000 <= 000033fa
                  46@00003008: $ 2 <= 00000033
                  46@0000300c: *00000000 <= 00000000
                  54@00003010: $ 1 <= 22440000
                  58@00003014: $ 1 <= 224433fa
                  58@00003018: *00000000 <= 0000fa00
                  66@0000301c: $ 2 <= 0000fa00
# exit 0
