ISim log file
Running: /home/co-eda/Verilog/Pre/mips/mips_test_isim_beh.exe -intstyle ise -gui -tclbatch isim.cmd -wdb /home/co-eda/Verilog/Pre/mips/mips_test_isim_beh.wdb 
ISim P.20131013 (signature 0xfbc00daa)
----------------------------------------------------------------------
WARNING:Security:42 - Your software subscription period has lapsed. Your current version of Xilinx tools will continue to function, but you no longer qualify for Xilinx software updates or new releases.


----------------------------------------------------------------------
This is a Full version of ISim.
Time resolution is 1 ps
# onerror resume
# wave add /
# run 1000 ns
Simulator is doing circuit initialization process.
Finished circuit initialization process.
                  55@00003000: $28 <= 00000000
                  65@00003004: $29 <= 00000000
                  75@00003008: $ 1 <= 00001010
                  85@0000300c: $ 2 <= 87230000
                  95@00003010: $ 3 <= 00007856
                 105@00003014: $ 4 <= 85ff0000
                 115@00003018: $ 5 <= 00000001
                 125@0000301c: $ 6 <= ffff0000
                 135@00003020: $ 7 <= 0000ffff
                 145@00003024: $ 1 <= 87231010
                 155@00003028: $ 9 <= 87238866
                 165@0000302c: $ 8 <= 00001010
                 175@00003030: $ 0 <= 0000ffff
                 225@0000304c: $ 2 <= 0000000c
                 265@0000305c: $31 <= 00003064
                 265@00003060: *0000000c <= 87231010
                 285@0000306c: $ 1 <= 8723101c
                 295@00003070: $ 1 <= 87231028
                 305@00003074: $ 1 <= 87231034
                 305@00003078: *0000000c <= 00003064
                 325@0000307c: $ 1 <= 00003064
                 365@00003090: *0000000c <= 00003064
                 395@00003068: $ 1 <= 00003070
# exit 0
