Running: /opt/Xilinx/14.7/ISE_DS/ISE/bin/lin64/unwrapped/fuse -intstyle ise -incremental -lib unisims_ver -lib unimacro_ver -lib xilinxcorelib_ver -lib secureip -o /home/co-eda/Verilog/Pre/mips/mips_test_isim_beh.exe -prj /home/co-eda/Verilog/Pre/mips/mips_test_beh.prj work.mips_test work.glbl 
ISim P.20131013 (signature 0xfbc00daa)
Number of CPUs detected in this system: 1
Turning on mult-threading, number of parallel sub-compilation jobs: 0 
Determining compilation order of HDL files
Analyzing Verilog file "/home/co-eda/Verilog/Pre/mips/splitter.v" into library work
Analyzing Verilog file "/home/co-eda/Verilog/Pre/mips/PC.v" into library work
Analyzing Verilog file "/home/co-eda/Verilog/Pre/mips/NPC.v" into library work
Analyzing Verilog file "/home/co-eda/Verilog/Pre/mips/IM.v" into library work
Analyzing Verilog file "/home/co-eda/Verilog/Pre/mips/GRF.v" into library work
Analyzing Verilog file "/home/co-eda/Verilog/Pre/mips/EXT.v" into library work
Analyzing Verilog file "/home/co-eda/Verilog/Pre/mips/DM.v" into library work
Analyzing Verilog file "/home/co-eda/Verilog/Pre/mips/controller.v" into library work
Analyzing Verilog file "/home/co-eda/Verilog/Pre/mips/ALU.v" into library work
Analyzing Verilog file "/home/co-eda/Verilog/Pre/mips/mips.v" into library work
Analyzing Verilog file "/home/co-eda/Verilog/Pre/mips/mips_test.v" into library work
Analyzing Verilog file "/opt/Xilinx/14.7/ISE_DS/ISE//verilog/src/glbl.v" into library work
Starting static elaboration
Completed static elaboration
Fuse Memory Usage: 83148 KB
Fuse CPU Usage: 2990 ms
Compiling module PC
Compiling module NPC
Compiling module IM
Compiling module Controller
Compiling module GRF
Compiling module EXT
Compiling module ALU
Compiling module DM
Compiling module Splitter
Compiling module mips
Compiling module mips_test
Compiling module glbl
Time Resolution for simulation is 1ps.
Compiled 12 Verilog Units
Built simulation executable /home/co-eda/Verilog/Pre/mips/mips_test_isim_beh.exe
Fuse Memory Usage: 86280 KB
Fuse CPU Usage: 3050 ms
GCC CPU Usage: 2230 ms
